// Jest Snapshot v1, https://goo.gl/fbAQLP

exports[`Service JSON Schema 1`] = `
Object {
  "$schema": "http://json-schema.org/draft-07/schema#",
  "properties": Object {
    "health": Object {
      "type": "string",
    },
    "method": Object {
      "type": "string",
    },
    "service": Object {
      "type": "string",
    },
    "timeout": Object {
      "type": "number",
    },
  },
  "required": Array [
    "service",
    "health",
  ],
  "title": "Pet",
  "type": "object",
}
`;
